// Jest Snapshot v1, https://goo.gl/fbAQLP

exports[`button 它是个button 1`] = `
<button>
  click me 
</button>
`;
